             VMA              LMA     Size Align Out     In      Symbol
          200270           200270       48     4 .note.tag
          200270           200270       18     4         /usr/lib/crt1.o:(.note.tag)
          200288           200288       30     4         /usr/lib/crt1.o:(.note.tag)
          2002b8           2002b8       48     8 .rela.dyn
          2002b8           2002b8       48     8         <internal>:(.rela.dyn)
          200300           200300    14ff0    16 .rodata
          200300           200300     6f60     1         <internal>:(.rodata)
          207260           207260       60    16         decompress/decompress.o:(.rodata)
          2072c0           2072c0      220    16         <internal>:(.rodata)
          2074e0           2074e0       38    16         7znew/LZMA.o:(.rodata)
          2074e0           2074e0       38     1                 NCompress::NLZMA::kDistDirectBits
          207520           207520       68    16         7znew/LZMADecoder.o:(.rodata)
          207520           207520       38     1                 NCompress::NLZMA::kDistDirectBits
          207558           207558        c     1                 NCompress::NLZMA::kLiteralNextStates
          207564           207564        c     1                 NCompress::NLZMA::kShortRepNextStates
          207570           207570        c     1                 NCompress::NLZMA::kRepNextStates
          20757c           20757c        c     1                 NCompress::NLZMA::kMatchNextStates
          207590           207590       d0    16         7znew/LZMAEncoder.o:(.rodata)
          207590           207590       38     1                 vtable for NBT2::CInTree
          2075d0           2075d0       38     1                 NCompress::NLZMA::kDistDirectBits
          207608           207608       10     1                 typeinfo name for NBT2::CInTree
          207618           207618       18     1                 typeinfo for NBT2::CInTree
          207630           207630        c     1                 NCompress::NLZMA::kRepNextStates
          20763c           20763c        c     1                 NCompress::NLZMA::kMatchNextStates
          207648           207648        c     1                 NCompress::NLZMA::kLiteralNextStates
          207654           207654        c     1                 NCompress::NLZMA::kShortRepNextStates
          207660           207660       38     8         7znew/LZMAEncoder.o:(.rodata._ZTVN4NBT219CMatchFinderBinTreeE)
          207660           207660       38     1                 vtable for NBT2::CMatchFinderBinTree
          207698           207698       1d     1         7znew/LZMAEncoder.o:(.rodata._ZTSN4NBT219CMatchFinderBinTreeE)
          207698           207698       1d     1                 typeinfo name for NBT2::CMatchFinderBinTree
          2076b8           2076b8       18     8         7znew/LZMAEncoder.o:(.rodata._ZTIN4NBT219CMatchFinderBinTreeE)
          2076b8           2076b8       18     1                 typeinfo for NBT2::CMatchFinderBinTree
          2076d0           2076d0        5     1         minilzo.o:(.rodata)
          2076d0           2076d0        5     1                 __lzo_copyright
          2076e0           2076e0      228    16         n2b_99.o:(.rodata)
          2077f0           2077f0      118     1                 ucl_nrv2b_99_compress.swd_config
          207910           207910      228    16         n2d_99.o:(.rodata)
          207a20           207a20      118     1                 ucl_nrv2d_99_compress.swd_config
          207b40           207b40      42c    16         ProgramStore.o:(.rodata)
          207c60           207c60      140     1                 compute_dec_checksum(char*, int, char*)::ip
          207da0           207da0      190     1                 compute_dec_checksum(char*, int, char*)::ij
          207f6c           207f6c        4     4         <internal>:(.rodata)
          207f70           207f70       60     8         7znew/WindowIn.o:(.rodata)
          207f70           207f70       38     1                 vtable for NStream::NWindow::CIn
          207fa8           207fa8       17     1                 typeinfo name for NStream::NWindow::CIn
          207fc0           207fc0       10     1                 typeinfo for NStream::NWindow::CIn
          207fd0           207fd0       50     8         7znew/WindowOut.o:(.rodata)
          207fd0           207fd0       28     1                 vtable for NStream::NWindow::COut
          207ff8           207ff8       18     1                 typeinfo name for NStream::NWindow::COut
          208010           208010       10     1                 typeinfo for NStream::NWindow::COut
          208020           208020        1     1         /usr/lib/libc++.a(new.o):(.rodata._ZSt7nothrow)
          208020           208020        1     1                 std::nothrow
          208028           208028       20     8         /usr/lib/libc++.a(cxxrt_exception.o):(.rodata._ZL10parse_lsdaP15_Unwind_ContextPh)
          208048           208048       68     8         /usr/lib/libc++.a(cxxrt_exception.o):(.rodata._ZL10read_valuecPPh)
          2080b0           2080b0       20     8         /usr/lib/libc++.a(cxxrt_exception.o):(.rodata._ZL19get_type_info_entryP15_Unwind_ContextP13dwarf_eh_lsdai)
          2080d0           2080d0       34     4         /usr/lib/libc++.a(cxxrt_exception.o):(.rodata..Lswitch.table._ZL19get_type_info_entryP15_Unwind_ContextP13dwarf_eh_lsdai)
          208108           208108       28     8         /usr/lib/libc++.a(cxxrt_stdexcept.o):(.rodata._ZTVSt9exception)
          208108           208108       28     1                 vtable for std::exception
          208130           208130       28     8         /usr/lib/libc++.a(cxxrt_stdexcept.o):(.rodata._ZTVSt9bad_alloc)
          208130           208130       28     1                 vtable for std::bad_alloc
          208158           208158       28     8         /usr/lib/libc++.a(cxxrt_stdexcept.o):(.rodata._ZTVSt8bad_cast)
          208158           208158       28     1                 vtable for std::bad_cast
          208180           208180       28     8         /usr/lib/libc++.a(cxxrt_stdexcept.o):(.rodata._ZTVSt10bad_typeid)
          208180           208180       28     1                 vtable for std::bad_typeid
          2081a8           2081a8       28     8         /usr/lib/libc++.a(cxxrt_stdexcept.o):(.rodata._ZTVSt20bad_array_new_length)
          2081a8           2081a8       28     1                 vtable for std::bad_array_new_length
          2081d0           2081d0        d     1         /usr/lib/libc++.a(cxxrt_stdexcept.o):(.rodata._ZTSSt9exception)
          2081d0           2081d0        d     1                 typeinfo name for std::exception
          2081e0           2081e0       10     8         /usr/lib/libc++.a(cxxrt_stdexcept.o):(.rodata._ZTISt9exception)
          2081e0           2081e0       10     1                 typeinfo for std::exception
          2081f0           2081f0        d     1         /usr/lib/libc++.a(cxxrt_stdexcept.o):(.rodata._ZTSSt9bad_alloc)
          2081f0           2081f0        d     1                 typeinfo name for std::bad_alloc
          208200           208200       18     8         /usr/lib/libc++.a(cxxrt_stdexcept.o):(.rodata._ZTISt9bad_alloc)
          208200           208200       18     1                 typeinfo for std::bad_alloc
          208218           208218        c     1         /usr/lib/libc++.a(cxxrt_stdexcept.o):(.rodata._ZTSSt8bad_cast)
          208218           208218        c     1                 typeinfo name for std::bad_cast
          208228           208228       18     8         /usr/lib/libc++.a(cxxrt_stdexcept.o):(.rodata._ZTISt8bad_cast)
          208228           208228       18     1                 typeinfo for std::bad_cast
          208240           208240        f     1         /usr/lib/libc++.a(cxxrt_stdexcept.o):(.rodata._ZTSSt10bad_typeid)
          208240           208240        f     1                 typeinfo name for std::bad_typeid
          208250           208250       18     8         /usr/lib/libc++.a(cxxrt_stdexcept.o):(.rodata._ZTISt10bad_typeid)
          208250           208250       18     1                 typeinfo for std::bad_typeid
          208268           208268       19     1         /usr/lib/libc++.a(cxxrt_stdexcept.o):(.rodata._ZTSSt20bad_array_new_length)
          208268           208268       19     1                 typeinfo name for std::bad_array_new_length
          208288           208288       18     8         /usr/lib/libc++.a(cxxrt_stdexcept.o):(.rodata._ZTISt20bad_array_new_length)
          208288           208288       18     1                 typeinfo for std::bad_array_new_length
          2082a0           2082a0       40     8         /usr/lib/libc++.a(cxxrt_typeinfo.o):(.rodata._ZTVSt9type_info)
          2082a0           2082a0       40     1                 vtable for std::type_info
          2082e0           2082e0        d     1         /usr/lib/libc++.a(cxxrt_typeinfo.o):(.rodata._ZTSSt9type_info)
          2082e0           2082e0        d     1                 typeinfo name for std::type_info
          2082f0           2082f0       10     8         /usr/lib/libc++.a(cxxrt_typeinfo.o):(.rodata._ZTISt9type_info)
          2082f0           2082f0       10     1                 typeinfo for std::type_info
          208300           208300       40     8         /usr/lib/libc++.a(cxxrt_typeinfo.o):(.rodata._ZTVN10__cxxabiv123__fundamental_type_infoE)
          208300           208300       40     1                 vtable for __cxxabiv1::__fundamental_type_info
          208340           208340       28     1         /usr/lib/libc++.a(cxxrt_typeinfo.o):(.rodata._ZTSN10__cxxabiv123__fundamental_type_infoE)
          208340           208340       28     1                 typeinfo name for __cxxabiv1::__fundamental_type_info
          208368           208368       18     8         /usr/lib/libc++.a(cxxrt_typeinfo.o):(.rodata._ZTIN10__cxxabiv123__fundamental_type_infoE)
          208368           208368       18     1                 typeinfo for __cxxabiv1::__fundamental_type_info
          208380           208380        2     1         /usr/lib/libc++.a(cxxrt_typeinfo.o):(.rodata._ZTSv)
          208380           208380        2     1                 typeinfo name for void
          208388           208388       10     8         /usr/lib/libc++.a(cxxrt_typeinfo.o):(.rodata._ZTIv)
          208388           208388       10     1                 typeinfo for void
          208398           208398        3     1         /usr/lib/libc++.a(cxxrt_typeinfo.o):(.rodata._ZTSPv)
          208398           208398        3     1                 typeinfo name for void*
          2083a0           2083a0       20     8         /usr/lib/libc++.a(cxxrt_typeinfo.o):(.rodata._ZTIPv)
          2083a0           2083a0       20     1                 typeinfo for void*
          2083c0           2083c0        4     1         /usr/lib/libc++.a(cxxrt_typeinfo.o):(.rodata._ZTSPKv)
          2083c0           2083c0        4     1                 typeinfo name for void const*
          2083c8           2083c8       20     8         /usr/lib/libc++.a(cxxrt_typeinfo.o):(.rodata._ZTIPKv)
          2083c8           2083c8       20     1                 typeinfo for void const*
          2083e8           2083e8        3     1         /usr/lib/libc++.a(cxxrt_typeinfo.o):(.rodata._ZTSDn)
          2083e8           2083e8        3     1                 typeinfo name for std::nullptr_t
          2083f0           2083f0       10     8         /usr/lib/libc++.a(cxxrt_typeinfo.o):(.rodata._ZTIDn)
          2083f0           2083f0       10     1                 typeinfo for std::nullptr_t
          208400           208400        4     1         /usr/lib/libc++.a(cxxrt_typeinfo.o):(.rodata._ZTSPDn)
          208400           208400        4     1                 typeinfo name for std::nullptr_t*
          208408           208408       20     8         /usr/lib/libc++.a(cxxrt_typeinfo.o):(.rodata._ZTIPDn)
          208408           208408       20     1                 typeinfo for std::nullptr_t*
          208428           208428        5     1         /usr/lib/libc++.a(cxxrt_typeinfo.o):(.rodata._ZTSPKDn)
          208428           208428        5     1                 typeinfo name for std::nullptr_t const*
          208430           208430       20     8         /usr/lib/libc++.a(cxxrt_typeinfo.o):(.rodata._ZTIPKDn)
          208430           208430       20     1                 typeinfo for std::nullptr_t const*
          208450           208450        2     1         /usr/lib/libc++.a(cxxrt_typeinfo.o):(.rodata._ZTSb)
          208450           208450        2     1                 typeinfo name for bool
          208458           208458       10     8         /usr/lib/libc++.a(cxxrt_typeinfo.o):(.rodata._ZTIb)
          208458           208458       10     1                 typeinfo for bool
          208468           208468        3     1         /usr/lib/libc++.a(cxxrt_typeinfo.o):(.rodata._ZTSPb)
          208468           208468        3     1                 typeinfo name for bool*
          208470           208470       20     8         /usr/lib/libc++.a(cxxrt_typeinfo.o):(.rodata._ZTIPb)
          208470           208470       20     1                 typeinfo for bool*
          208490           208490        4     1         /usr/lib/libc++.a(cxxrt_typeinfo.o):(.rodata._ZTSPKb)
          208490           208490        4     1                 typeinfo name for bool const*
          208498           208498       20     8         /usr/lib/libc++.a(cxxrt_typeinfo.o):(.rodata._ZTIPKb)
          208498           208498       20     1                 typeinfo for bool const*
          2084b8           2084b8        2     1         /usr/lib/libc++.a(cxxrt_typeinfo.o):(.rodata._ZTSw)
          2084b8           2084b8        2     1                 typeinfo name for wchar_t
          2084c0           2084c0       10     8         /usr/lib/libc++.a(cxxrt_typeinfo.o):(.rodata._ZTIw)
          2084c0           2084c0       10     1                 typeinfo for wchar_t
          2084d0           2084d0        3     1         /usr/lib/libc++.a(cxxrt_typeinfo.o):(.rodata._ZTSPw)
          2084d0           2084d0        3     1                 typeinfo name for wchar_t*
          2084d8           2084d8       20     8         /usr/lib/libc++.a(cxxrt_typeinfo.o):(.rodata._ZTIPw)
          2084d8           2084d8       20     1                 typeinfo for wchar_t*
          2084f8           2084f8        4     1         /usr/lib/libc++.a(cxxrt_typeinfo.o):(.rodata._ZTSPKw)
          2084f8           2084f8        4     1                 typeinfo name for wchar_t const*
          208500           208500       20     8         /usr/lib/libc++.a(cxxrt_typeinfo.o):(.rodata._ZTIPKw)
          208500           208500       20     1                 typeinfo for wchar_t const*
          208520           208520        2     1         /usr/lib/libc++.a(cxxrt_typeinfo.o):(.rodata._ZTSc)
          208520           208520        2     1                 typeinfo name for char
          208528           208528       10     8         /usr/lib/libc++.a(cxxrt_typeinfo.o):(.rodata._ZTIc)
          208528           208528       10     1                 typeinfo for char
          208538           208538        3     1         /usr/lib/libc++.a(cxxrt_typeinfo.o):(.rodata._ZTSPc)
          208538           208538        3     1                 typeinfo name for char*
          208540           208540       20     8         /usr/lib/libc++.a(cxxrt_typeinfo.o):(.rodata._ZTIPc)
          208540           208540       20     1                 typeinfo for char*
          208560           208560        4     1         /usr/lib/libc++.a(cxxrt_typeinfo.o):(.rodata._ZTSPKc)
          208560           208560        4     1                 typeinfo name for char const*
          208568           208568       20     8         /usr/lib/libc++.a(cxxrt_typeinfo.o):(.rodata._ZTIPKc)
          208568           208568       20     1                 typeinfo for char const*
          208588           208588        2     1         /usr/lib/libc++.a(cxxrt_typeinfo.o):(.rodata._ZTSh)
          208588           208588        2     1                 typeinfo name for unsigned char
          208590           208590       10     8         /usr/lib/libc++.a(cxxrt_typeinfo.o):(.rodata._ZTIh)
          208590           208590       10     1                 typeinfo for unsigned char
          2085a0           2085a0        3     1         /usr/lib/libc++.a(cxxrt_typeinfo.o):(.rodata._ZTSPh)
          2085a0           2085a0        3     1                 typeinfo name for unsigned char*
          2085a8           2085a8       20     8         /usr/lib/libc++.a(cxxrt_typeinfo.o):(.rodata._ZTIPh)
          2085a8           2085a8       20     1                 typeinfo for unsigned char*
          2085c8           2085c8        4     1         /usr/lib/libc++.a(cxxrt_typeinfo.o):(.rodata._ZTSPKh)
          2085c8           2085c8        4     1                 typeinfo name for unsigned char const*
          2085d0           2085d0       20     8         /usr/lib/libc++.a(cxxrt_typeinfo.o):(.rodata._ZTIPKh)
          2085d0           2085d0       20     1                 typeinfo for unsigned char const*
          2085f0           2085f0        2     1         /usr/lib/libc++.a(cxxrt_typeinfo.o):(.rodata._ZTSa)
          2085f0           2085f0        2     1                 typeinfo name for signed char
          2085f8           2085f8       10     8         /usr/lib/libc++.a(cxxrt_typeinfo.o):(.rodata._ZTIa)
          2085f8           2085f8       10     1                 typeinfo for signed char
          208608           208608        3     1         /usr/lib/libc++.a(cxxrt_typeinfo.o):(.rodata._ZTSPa)
          208608           208608        3     1                 typeinfo name for signed char*
          208610           208610       20     8         /usr/lib/libc++.a(cxxrt_typeinfo.o):(.rodata._ZTIPa)
          208610           208610       20     1                 typeinfo for signed char*
          208630           208630        4     1         /usr/lib/libc++.a(cxxrt_typeinfo.o):(.rodata._ZTSPKa)
          208630           208630        4     1                 typeinfo name for signed char const*
          208638           208638       20     8         /usr/lib/libc++.a(cxxrt_typeinfo.o):(.rodata._ZTIPKa)
          208638           208638       20     1                 typeinfo for signed char const*
          208658           208658        2     1         /usr/lib/libc++.a(cxxrt_typeinfo.o):(.rodata._ZTSs)
          208658           208658        2     1                 typeinfo name for short
          208660           208660       10     8         /usr/lib/libc++.a(cxxrt_typeinfo.o):(.rodata._ZTIs)
          208660           208660       10     1                 typeinfo for short
          208670           208670        3     1         /usr/lib/libc++.a(cxxrt_typeinfo.o):(.rodata._ZTSPs)
          208670           208670        3     1                 typeinfo name for short*
          208678           208678       20     8         /usr/lib/libc++.a(cxxrt_typeinfo.o):(.rodata._ZTIPs)
          208678           208678       20     1                 typeinfo for short*
          208698           208698        4     1         /usr/lib/libc++.a(cxxrt_typeinfo.o):(.rodata._ZTSPKs)
          208698           208698        4     1                 typeinfo name for short const*
          2086a0           2086a0       20     8         /usr/lib/libc++.a(cxxrt_typeinfo.o):(.rodata._ZTIPKs)
          2086a0           2086a0       20     1                 typeinfo for short const*
          2086c0           2086c0        2     1         /usr/lib/libc++.a(cxxrt_typeinfo.o):(.rodata._ZTSt)
          2086c0           2086c0        2     1                 typeinfo name for unsigned short
          2086c8           2086c8       10     8         /usr/lib/libc++.a(cxxrt_typeinfo.o):(.rodata._ZTIt)
          2086c8           2086c8       10     1                 typeinfo for unsigned short
          2086d8           2086d8        3     1         /usr/lib/libc++.a(cxxrt_typeinfo.o):(.rodata._ZTSPt)
          2086d8           2086d8        3     1                 typeinfo name for unsigned short*
          2086e0           2086e0       20     8         /usr/lib/libc++.a(cxxrt_typeinfo.o):(.rodata._ZTIPt)
          2086e0           2086e0       20     1                 typeinfo for unsigned short*
          208700           208700        4     1         /usr/lib/libc++.a(cxxrt_typeinfo.o):(.rodata._ZTSPKt)
          208700           208700        4     1                 typeinfo name for unsigned short const*
          208708           208708       20     8         /usr/lib/libc++.a(cxxrt_typeinfo.o):(.rodata._ZTIPKt)
          208708           208708       20     1                 typeinfo for unsigned short const*
          208728           208728        2     1         /usr/lib/libc++.a(cxxrt_typeinfo.o):(.rodata._ZTSi)
          208728           208728        2     1                 typeinfo name for int
          208730           208730       10     8         /usr/lib/libc++.a(cxxrt_typeinfo.o):(.rodata._ZTIi)
          208730           208730       10     1                 typeinfo for int
          208740           208740        3     1         /usr/lib/libc++.a(cxxrt_typeinfo.o):(.rodata._ZTSPi)
          208740           208740        3     1                 typeinfo name for int*
          208748           208748       20     8         /usr/lib/libc++.a(cxxrt_typeinfo.o):(.rodata._ZTIPi)
          208748           208748       20     1                 typeinfo for int*
          208768           208768        4     1         /usr/lib/libc++.a(cxxrt_typeinfo.o):(.rodata._ZTSPKi)
          208768           208768        4     1                 typeinfo name for int const*
          208770           208770       20     8         /usr/lib/libc++.a(cxxrt_typeinfo.o):(.rodata._ZTIPKi)
          208770           208770       20     1                 typeinfo for int const*
          208790           208790        2     1         /usr/lib/libc++.a(cxxrt_typeinfo.o):(.rodata._ZTSj)
          208790           208790        2     1                 typeinfo name for unsigned int
          208798           208798       10     8         /usr/lib/libc++.a(cxxrt_typeinfo.o):(.rodata._ZTIj)
          208798           208798       10     1                 typeinfo for unsigned int
          2087a8           2087a8        3     1         /usr/lib/libc++.a(cxxrt_typeinfo.o):(.rodata._ZTSPj)
          2087a8           2087a8        3     1                 typeinfo name for unsigned int*
          2087b0           2087b0       20     8         /usr/lib/libc++.a(cxxrt_typeinfo.o):(.rodata._ZTIPj)
          2087b0           2087b0       20     1                 typeinfo for unsigned int*
          2087d0           2087d0        4     1         /usr/lib/libc++.a(cxxrt_typeinfo.o):(.rodata._ZTSPKj)
          2087d0           2087d0        4     1                 typeinfo name for unsigned int const*
          2087d8           2087d8       20     8         /usr/lib/libc++.a(cxxrt_typeinfo.o):(.rodata._ZTIPKj)
          2087d8           2087d8       20     1                 typeinfo for unsigned int const*
          2087f8           2087f8        2     1         /usr/lib/libc++.a(cxxrt_typeinfo.o):(.rodata._ZTSl)
          2087f8           2087f8        2     1                 typeinfo name for long
          208800           208800       10     8         /usr/lib/libc++.a(cxxrt_typeinfo.o):(.rodata._ZTIl)
          208800           208800       10     1                 typeinfo for long
          208810           208810        3     1         /usr/lib/libc++.a(cxxrt_typeinfo.o):(.rodata._ZTSPl)
          208810           208810        3     1                 typeinfo name for long*
          208818           208818       20     8         /usr/lib/libc++.a(cxxrt_typeinfo.o):(.rodata._ZTIPl)
          208818           208818       20     1                 typeinfo for long*
          208838           208838        4     1         /usr/lib/libc++.a(cxxrt_typeinfo.o):(.rodata._ZTSPKl)
          208838           208838        4     1                 typeinfo name for long const*
          208840           208840       20     8         /usr/lib/libc++.a(cxxrt_typeinfo.o):(.rodata._ZTIPKl)
          208840           208840       20     1                 typeinfo for long const*
          208860           208860        2     1         /usr/lib/libc++.a(cxxrt_typeinfo.o):(.rodata._ZTSm)
          208860           208860        2     1                 typeinfo name for unsigned long
          208868           208868       10     8         /usr/lib/libc++.a(cxxrt_typeinfo.o):(.rodata._ZTIm)
          208868           208868       10     1                 typeinfo for unsigned long
          208878           208878        3     1         /usr/lib/libc++.a(cxxrt_typeinfo.o):(.rodata._ZTSPm)
          208878           208878        3     1                 typeinfo name for unsigned long*
          208880           208880       20     8         /usr/lib/libc++.a(cxxrt_typeinfo.o):(.rodata._ZTIPm)
          208880           208880       20     1                 typeinfo for unsigned long*
          2088a0           2088a0        4     1         /usr/lib/libc++.a(cxxrt_typeinfo.o):(.rodata._ZTSPKm)
          2088a0           2088a0        4     1                 typeinfo name for unsigned long const*
          2088a8           2088a8       20     8         /usr/lib/libc++.a(cxxrt_typeinfo.o):(.rodata._ZTIPKm)
          2088a8           2088a8       20     1                 typeinfo for unsigned long const*
          2088c8           2088c8        2     1         /usr/lib/libc++.a(cxxrt_typeinfo.o):(.rodata._ZTSx)
          2088c8           2088c8        2     1                 typeinfo name for long long
          2088d0           2088d0       10     8         /usr/lib/libc++.a(cxxrt_typeinfo.o):(.rodata._ZTIx)
          2088d0           2088d0       10     1                 typeinfo for long long
          2088e0           2088e0        3     1         /usr/lib/libc++.a(cxxrt_typeinfo.o):(.rodata._ZTSPx)
          2088e0           2088e0        3     1                 typeinfo name for long long*
          2088e8           2088e8       20     8         /usr/lib/libc++.a(cxxrt_typeinfo.o):(.rodata._ZTIPx)
          2088e8           2088e8       20     1                 typeinfo for long long*
          208908           208908        4     1         /usr/lib/libc++.a(cxxrt_typeinfo.o):(.rodata._ZTSPKx)
          208908           208908        4     1                 typeinfo name for long long const*
          208910           208910       20     8         /usr/lib/libc++.a(cxxrt_typeinfo.o):(.rodata._ZTIPKx)
          208910           208910       20     1                 typeinfo for long long const*
          208930           208930        2     1         /usr/lib/libc++.a(cxxrt_typeinfo.o):(.rodata._ZTSy)
          208930           208930        2     1                 typeinfo name for unsigned long long
          208938           208938       10     8         /usr/lib/libc++.a(cxxrt_typeinfo.o):(.rodata._ZTIy)
          208938           208938       10     1                 typeinfo for unsigned long long
          208948           208948        3     1         /usr/lib/libc++.a(cxxrt_typeinfo.o):(.rodata._ZTSPy)
          208948           208948        3     1                 typeinfo name for unsigned long long*
          208950           208950       20     8         /usr/lib/libc++.a(cxxrt_typeinfo.o):(.rodata._ZTIPy)
          208950           208950       20     1                 typeinfo for unsigned long long*
          208970           208970        4     1         /usr/lib/libc++.a(cxxrt_typeinfo.o):(.rodata._ZTSPKy)
          208970           208970        4     1                 typeinfo name for unsigned long long const*
          208978           208978       20     8         /usr/lib/libc++.a(cxxrt_typeinfo.o):(.rodata._ZTIPKy)
          208978           208978       20     1                 typeinfo for unsigned long long const*
          208998           208998        2     1         /usr/lib/libc++.a(cxxrt_typeinfo.o):(.rodata._ZTSn)
          208998           208998        2     1                 typeinfo name for __int128
          2089a0           2089a0       10     8         /usr/lib/libc++.a(cxxrt_typeinfo.o):(.rodata._ZTIn)
          2089a0           2089a0       10     1                 typeinfo for __int128
          2089b0           2089b0        3     1         /usr/lib/libc++.a(cxxrt_typeinfo.o):(.rodata._ZTSPn)
          2089b0           2089b0        3     1                 typeinfo name for __int128*
          2089b8           2089b8       20     8         /usr/lib/libc++.a(cxxrt_typeinfo.o):(.rodata._ZTIPn)
          2089b8           2089b8       20     1                 typeinfo for __int128*
          2089d8           2089d8        4     1         /usr/lib/libc++.a(cxxrt_typeinfo.o):(.rodata._ZTSPKn)
          2089d8           2089d8        4     1                 typeinfo name for __int128 const*
          2089e0           2089e0       20     8         /usr/lib/libc++.a(cxxrt_typeinfo.o):(.rodata._ZTIPKn)
          2089e0           2089e0       20     1                 typeinfo for __int128 const*
          208a00           208a00        2     1         /usr/lib/libc++.a(cxxrt_typeinfo.o):(.rodata._ZTSo)
          208a00           208a00        2     1                 typeinfo name for unsigned __int128
          208a08           208a08       10     8         /usr/lib/libc++.a(cxxrt_typeinfo.o):(.rodata._ZTIo)
          208a08           208a08       10     1                 typeinfo for unsigned __int128
          208a18           208a18        3     1         /usr/lib/libc++.a(cxxrt_typeinfo.o):(.rodata._ZTSPo)
          208a18           208a18        3     1                 typeinfo name for unsigned __int128*
          208a20           208a20       20     8         /usr/lib/libc++.a(cxxrt_typeinfo.o):(.rodata._ZTIPo)
          208a20           208a20       20     1                 typeinfo for unsigned __int128*
          208a40           208a40        4     1         /usr/lib/libc++.a(cxxrt_typeinfo.o):(.rodata._ZTSPKo)
          208a40           208a40        4     1                 typeinfo name for unsigned __int128 const*
          208a48           208a48       20     8         /usr/lib/libc++.a(cxxrt_typeinfo.o):(.rodata._ZTIPKo)
          208a48           208a48       20     1                 typeinfo for unsigned __int128 const*
          208a68           208a68        3     1         /usr/lib/libc++.a(cxxrt_typeinfo.o):(.rodata._ZTSDh)
          208a68           208a68        3     1                 typeinfo name for half
          208a70           208a70       10     8         /usr/lib/libc++.a(cxxrt_typeinfo.o):(.rodata._ZTIDh)
          208a70           208a70       10     1                 typeinfo for half
          208a80           208a80        4     1         /usr/lib/libc++.a(cxxrt_typeinfo.o):(.rodata._ZTSPDh)
          208a80           208a80        4     1                 typeinfo name for half*
          208a88           208a88       20     8         /usr/lib/libc++.a(cxxrt_typeinfo.o):(.rodata._ZTIPDh)
          208a88           208a88       20     1                 typeinfo for half*
          208aa8           208aa8        5     1         /usr/lib/libc++.a(cxxrt_typeinfo.o):(.rodata._ZTSPKDh)
          208aa8           208aa8        5     1                 typeinfo name for half const*
          208ab0           208ab0       20     8         /usr/lib/libc++.a(cxxrt_typeinfo.o):(.rodata._ZTIPKDh)
          208ab0           208ab0       20     1                 typeinfo for half const*
          208ad0           208ad0        2     1         /usr/lib/libc++.a(cxxrt_typeinfo.o):(.rodata._ZTSf)
          208ad0           208ad0        2     1                 typeinfo name for float
          208ad8           208ad8       10     8         /usr/lib/libc++.a(cxxrt_typeinfo.o):(.rodata._ZTIf)
          208ad8           208ad8       10     1                 typeinfo for float
          208ae8           208ae8        3     1         /usr/lib/libc++.a(cxxrt_typeinfo.o):(.rodata._ZTSPf)
          208ae8           208ae8        3     1                 typeinfo name for float*
          208af0           208af0       20     8         /usr/lib/libc++.a(cxxrt_typeinfo.o):(.rodata._ZTIPf)
          208af0           208af0       20     1                 typeinfo for float*
          208b10           208b10        4     1         /usr/lib/libc++.a(cxxrt_typeinfo.o):(.rodata._ZTSPKf)
          208b10           208b10        4     1                 typeinfo name for float const*
          208b18           208b18       20     8         /usr/lib/libc++.a(cxxrt_typeinfo.o):(.rodata._ZTIPKf)
          208b18           208b18       20     1                 typeinfo for float const*
          208b38           208b38        2     1         /usr/lib/libc++.a(cxxrt_typeinfo.o):(.rodata._ZTSd)
          208b38           208b38        2     1                 typeinfo name for double
          208b40           208b40       10     8         /usr/lib/libc++.a(cxxrt_typeinfo.o):(.rodata._ZTId)
          208b40           208b40       10     1                 typeinfo for double
          208b50           208b50        3     1         /usr/lib/libc++.a(cxxrt_typeinfo.o):(.rodata._ZTSPd)
          208b50           208b50        3     1                 typeinfo name for double*
          208b58           208b58       20     8         /usr/lib/libc++.a(cxxrt_typeinfo.o):(.rodata._ZTIPd)
          208b58           208b58       20     1                 typeinfo for double*
          208b78           208b78        4     1         /usr/lib/libc++.a(cxxrt_typeinfo.o):(.rodata._ZTSPKd)
          208b78           208b78        4     1                 typeinfo name for double const*
          208b80           208b80       20     8         /usr/lib/libc++.a(cxxrt_typeinfo.o):(.rodata._ZTIPKd)
          208b80           208b80       20     1                 typeinfo for double const*
          208ba0           208ba0        2     1         /usr/lib/libc++.a(cxxrt_typeinfo.o):(.rodata._ZTSe)
          208ba0           208ba0        2     1                 typeinfo name for long double
          208ba8           208ba8       10     8         /usr/lib/libc++.a(cxxrt_typeinfo.o):(.rodata._ZTIe)
          208ba8           208ba8       10     1                 typeinfo for long double
          208bb8           208bb8        3     1         /usr/lib/libc++.a(cxxrt_typeinfo.o):(.rodata._ZTSPe)
          208bb8           208bb8        3     1                 typeinfo name for long double*
          208bc0           208bc0       20     8         /usr/lib/libc++.a(cxxrt_typeinfo.o):(.rodata._ZTIPe)
          208bc0           208bc0       20     1                 typeinfo for long double*
          208be0           208be0        4     1         /usr/lib/libc++.a(cxxrt_typeinfo.o):(.rodata._ZTSPKe)
          208be0           208be0        4     1                 typeinfo name for long double const*
          208be8           208be8       20     8         /usr/lib/libc++.a(cxxrt_typeinfo.o):(.rodata._ZTIPKe)
          208be8           208be8       20     1                 typeinfo for long double const*
          208c08           208c08        2     1         /usr/lib/libc++.a(cxxrt_typeinfo.o):(.rodata._ZTSg)
          208c08           208c08        2     1                 typeinfo name for __float128
          208c10           208c10       10     8         /usr/lib/libc++.a(cxxrt_typeinfo.o):(.rodata._ZTIg)
          208c10           208c10       10     1                 typeinfo for __float128
          208c20           208c20        3     1         /usr/lib/libc++.a(cxxrt_typeinfo.o):(.rodata._ZTSPg)
          208c20           208c20        3     1                 typeinfo name for __float128*
          208c28           208c28       20     8         /usr/lib/libc++.a(cxxrt_typeinfo.o):(.rodata._ZTIPg)
          208c28           208c28       20     1                 typeinfo for __float128*
          208c48           208c48        4     1         /usr/lib/libc++.a(cxxrt_typeinfo.o):(.rodata._ZTSPKg)
          208c48           208c48        4     1                 typeinfo name for __float128 const*
          208c50           208c50       20     8         /usr/lib/libc++.a(cxxrt_typeinfo.o):(.rodata._ZTIPKg)
          208c50           208c50       20     1                 typeinfo for __float128 const*
          208c70           208c70        3     1         /usr/lib/libc++.a(cxxrt_typeinfo.o):(.rodata._ZTSDu)
          208c70           208c70        3     1                 typeinfo name for char8_t
          208c78           208c78       10     8         /usr/lib/libc++.a(cxxrt_typeinfo.o):(.rodata._ZTIDu)
          208c78           208c78       10     1                 typeinfo for char8_t
          208c88           208c88        4     1         /usr/lib/libc++.a(cxxrt_typeinfo.o):(.rodata._ZTSPDu)
          208c88           208c88        4     1                 typeinfo name for char8_t*
          208c90           208c90       20     8         /usr/lib/libc++.a(cxxrt_typeinfo.o):(.rodata._ZTIPDu)
          208c90           208c90       20     1                 typeinfo for char8_t*
          208cb0           208cb0        5     1         /usr/lib/libc++.a(cxxrt_typeinfo.o):(.rodata._ZTSPKDu)
          208cb0           208cb0        5     1                 typeinfo name for char8_t const*
          208cb8           208cb8       20     8         /usr/lib/libc++.a(cxxrt_typeinfo.o):(.rodata._ZTIPKDu)
          208cb8           208cb8       20     1                 typeinfo for char8_t const*
          208cd8           208cd8        3     1         /usr/lib/libc++.a(cxxrt_typeinfo.o):(.rodata._ZTSDs)
          208cd8           208cd8        3     1                 typeinfo name for char16_t
          208ce0           208ce0       10     8         /usr/lib/libc++.a(cxxrt_typeinfo.o):(.rodata._ZTIDs)
          208ce0           208ce0       10     1                 typeinfo for char16_t
          208cf0           208cf0        4     1         /usr/lib/libc++.a(cxxrt_typeinfo.o):(.rodata._ZTSPDs)
          208cf0           208cf0        4     1                 typeinfo name for char16_t*
          208cf8           208cf8       20     8         /usr/lib/libc++.a(cxxrt_typeinfo.o):(.rodata._ZTIPDs)
          208cf8           208cf8       20     1                 typeinfo for char16_t*
          208d18           208d18        5     1         /usr/lib/libc++.a(cxxrt_typeinfo.o):(.rodata._ZTSPKDs)
          208d18           208d18        5     1                 typeinfo name for char16_t const*
          208d20           208d20       20     8         /usr/lib/libc++.a(cxxrt_typeinfo.o):(.rodata._ZTIPKDs)
          208d20           208d20       20     1                 typeinfo for char16_t const*
          208d40           208d40        3     1         /usr/lib/libc++.a(cxxrt_typeinfo.o):(.rodata._ZTSDi)
          208d40           208d40        3     1                 typeinfo name for char32_t
          208d48           208d48       10     8         /usr/lib/libc++.a(cxxrt_typeinfo.o):(.rodata._ZTIDi)
          208d48           208d48       10     1                 typeinfo for char32_t
          208d58           208d58        4     1         /usr/lib/libc++.a(cxxrt_typeinfo.o):(.rodata._ZTSPDi)
          208d58           208d58        4     1                 typeinfo name for char32_t*
          208d60           208d60       20     8         /usr/lib/libc++.a(cxxrt_typeinfo.o):(.rodata._ZTIPDi)
          208d60           208d60       20     1                 typeinfo for char32_t*
          208d80           208d80        5     1         /usr/lib/libc++.a(cxxrt_typeinfo.o):(.rodata._ZTSPKDi)
          208d80           208d80        5     1                 typeinfo name for char32_t const*
          208d88           208d88       20     8         /usr/lib/libc++.a(cxxrt_typeinfo.o):(.rodata._ZTIPKDi)
          208d88           208d88       20     1                 typeinfo for char32_t const*
          208da8           208da8       40     8         /usr/lib/libc++.a(cxxrt_typeinfo.o):(.rodata._ZTVN10__cxxabiv117__array_type_infoE)
          208da8           208da8       40     1                 vtable for __cxxabiv1::__array_type_info
          208de8           208de8       22     1         /usr/lib/libc++.a(cxxrt_typeinfo.o):(.rodata._ZTSN10__cxxabiv117__array_type_infoE)
          208de8           208de8       22     1                 typeinfo name for __cxxabiv1::__array_type_info
          208e10           208e10       18     8         /usr/lib/libc++.a(cxxrt_typeinfo.o):(.rodata._ZTIN10__cxxabiv117__array_type_infoE)
          208e10           208e10       18     1                 typeinfo for __cxxabiv1::__array_type_info
          208e28           208e28       40     8         /usr/lib/libc++.a(cxxrt_typeinfo.o):(.rodata._ZTVN10__cxxabiv120__function_type_infoE)
          208e28           208e28       40     1                 vtable for __cxxabiv1::__function_type_info
          208e68           208e68       25     1         /usr/lib/libc++.a(cxxrt_typeinfo.o):(.rodata._ZTSN10__cxxabiv120__function_type_infoE)
          208e68           208e68       25     1                 typeinfo name for __cxxabiv1::__function_type_info
          208e90           208e90       18     8         /usr/lib/libc++.a(cxxrt_typeinfo.o):(.rodata._ZTIN10__cxxabiv120__function_type_infoE)
          208e90           208e90       18     1                 typeinfo for __cxxabiv1::__function_type_info
          208ea8           208ea8       40     8         /usr/lib/libc++.a(cxxrt_typeinfo.o):(.rodata._ZTVN10__cxxabiv116__enum_type_infoE)
          208ea8           208ea8       40     1                 vtable for __cxxabiv1::__enum_type_info
          208ee8           208ee8       21     1         /usr/lib/libc++.a(cxxrt_typeinfo.o):(.rodata._ZTSN10__cxxabiv116__enum_type_infoE)
          208ee8           208ee8       21     1                 typeinfo name for __cxxabiv1::__enum_type_info
          208f10           208f10       18     8         /usr/lib/libc++.a(cxxrt_typeinfo.o):(.rodata._ZTIN10__cxxabiv116__enum_type_infoE)
          208f10           208f10       18     1                 typeinfo for __cxxabiv1::__enum_type_info
          208f28           208f28       48     8         /usr/lib/libc++.a(cxxrt_typeinfo.o):(.rodata._ZTVN10__cxxabiv117__class_type_infoE)
          208f28           208f28       48     1                 vtable for __cxxabiv1::__class_type_info
          208f70           208f70       22     1         /usr/lib/libc++.a(cxxrt_typeinfo.o):(.rodata._ZTSN10__cxxabiv117__class_type_infoE)
          208f70           208f70       22     1                 typeinfo name for __cxxabiv1::__class_type_info
          208f98           208f98       18     8         /usr/lib/libc++.a(cxxrt_typeinfo.o):(.rodata._ZTIN10__cxxabiv117__class_type_infoE)
          208f98           208f98       18     1                 typeinfo for __cxxabiv1::__class_type_info
          208fb0           208fb0       48     8         /usr/lib/libc++.a(cxxrt_typeinfo.o):(.rodata._ZTVN10__cxxabiv120__si_class_type_infoE)
          208fb0           208fb0       48     1                 vtable for __cxxabiv1::__si_class_type_info
          208ff8           208ff8       25     1         /usr/lib/libc++.a(cxxrt_typeinfo.o):(.rodata._ZTSN10__cxxabiv120__si_class_type_infoE)
          208ff8           208ff8       25     1                 typeinfo name for __cxxabiv1::__si_class_type_info
          209020           209020       18     8         /usr/lib/libc++.a(cxxrt_typeinfo.o):(.rodata._ZTIN10__cxxabiv120__si_class_type_infoE)
          209020           209020       18     1                 typeinfo for __cxxabiv1::__si_class_type_info
          209038           209038       48     8         /usr/lib/libc++.a(cxxrt_typeinfo.o):(.rodata._ZTVN10__cxxabiv121__vmi_class_type_infoE)
          209038           209038       48     1                 vtable for __cxxabiv1::__vmi_class_type_info
          209080           209080       26     1         /usr/lib/libc++.a(cxxrt_typeinfo.o):(.rodata._ZTSN10__cxxabiv121__vmi_class_type_infoE)
          209080           209080       26     1                 typeinfo name for __cxxabiv1::__vmi_class_type_info
          2090a8           2090a8       18     8         /usr/lib/libc++.a(cxxrt_typeinfo.o):(.rodata._ZTIN10__cxxabiv121__vmi_class_type_infoE)
          2090a8           2090a8       18     1                 typeinfo for __cxxabiv1::__vmi_class_type_info
          2090c0           2090c0       40     8         /usr/lib/libc++.a(cxxrt_typeinfo.o):(.rodata._ZTVN10__cxxabiv117__pbase_type_infoE)
          2090c0           2090c0       40     1                 vtable for __cxxabiv1::__pbase_type_info
          209100           209100       22     1         /usr/lib/libc++.a(cxxrt_typeinfo.o):(.rodata._ZTSN10__cxxabiv117__pbase_type_infoE)
          209100           209100       22     1                 typeinfo name for __cxxabiv1::__pbase_type_info
          209128           209128       18     8         /usr/lib/libc++.a(cxxrt_typeinfo.o):(.rodata._ZTIN10__cxxabiv117__pbase_type_infoE)
          209128           209128       18     1                 typeinfo for __cxxabiv1::__pbase_type_info
          209140           209140       40     8         /usr/lib/libc++.a(cxxrt_typeinfo.o):(.rodata._ZTVN10__cxxabiv119__pointer_type_infoE)
          209140           209140       40     1                 vtable for __cxxabiv1::__pointer_type_info
          209180           209180       24     1         /usr/lib/libc++.a(cxxrt_typeinfo.o):(.rodata._ZTSN10__cxxabiv119__pointer_type_infoE)
          209180           209180       24     1                 typeinfo name for __cxxabiv1::__pointer_type_info
          2091a8           2091a8       18     8         /usr/lib/libc++.a(cxxrt_typeinfo.o):(.rodata._ZTIN10__cxxabiv119__pointer_type_infoE)
          2091a8           2091a8       18     1                 typeinfo for __cxxabiv1::__pointer_type_info
          2091c0           2091c0       40     8         /usr/lib/libc++.a(cxxrt_typeinfo.o):(.rodata._ZTVN10__cxxabiv129__pointer_to_member_type_infoE)
          2091c0           2091c0       40     1                 vtable for __cxxabiv1::__pointer_to_member_type_info
          209200           209200       2e     1         /usr/lib/libc++.a(cxxrt_typeinfo.o):(.rodata._ZTSN10__cxxabiv129__pointer_to_member_type_infoE)
          209200           209200       2e     1                 typeinfo name for __cxxabiv1::__pointer_to_member_type_info
          209230           209230       18     8         /usr/lib/libc++.a(cxxrt_typeinfo.o):(.rodata._ZTIN10__cxxabiv129__pointer_to_member_type_infoE)
          209230           209230       18     1                 typeinfo for __cxxabiv1::__pointer_to_member_type_info
          209248           209248      148     8         <internal>:(.rodata)
          209390           209390      268     8         /usr/lib/libc++.a(cxxrt_libelftc_dem_gnu3.o):(.rodata.cpp_demangle_read_type)
          2095f8           2095f8      250     8         /usr/lib/libc++.a(cxxrt_libelftc_dem_gnu3.o):(.rodata.cpp_demangle_read_encoding)
          209848           209848      140     8         /usr/lib/libc++.a(cxxrt_libelftc_dem_gnu3.o):(.rodata.cpp_demangle_read_name)
          209988           209988       a0     8         /usr/lib/libc++.a(cxxrt_libelftc_dem_gnu3.o):(.rodata.cpp_demangle_read_subst)
          209a28           209a28      ba0     8         /usr/lib/libc++.a(cxxrt_libelftc_dem_gnu3.o):(.rodata.cpp_demangle_read_uqname)
          20a5c8           20a5c8       c0     8         /usr/lib/libc++.a(cxxrt_libelftc_dem_gnu3.o):(.rodata.cpp_demangle_read_expr_primary)
          20a688           20a688      ba0     8         /usr/lib/libc++.a(cxxrt_libelftc_dem_gnu3.o):(.rodata.cpp_demangle_read_expression)
          20b228           20b228      1b8     8         /usr/lib/libc++.a(cxxrt_libelftc_dem_gnu3.o):(.rodata.hex_to_dec)
          20b3e0           20b3e0       50     8         /usr/lib/libc++.a(cxxrt_libelftc_dem_gnu3.o):(.rodata.cpp_demangle_push_type_qualifier)
          20b430           20b430       48     4         /usr/lib/libgcc_eh.a(libunwind.o):(.rodata._ZN9libunwind12UnwindCursorINS_17LocalAddressSpaceENS_16Registers_x86_64EE6getRegEi)
          20b478           20b478       48     4         /usr/lib/libgcc_eh.a(libunwind.o):(.rodata._ZN9libunwind12UnwindCursorINS_17LocalAddressSpaceENS_16Registers_x86_64EE6setRegEim)
          20b4c0           20b4c0       88     4         /usr/lib/libgcc_eh.a(libunwind.o):(.rodata._ZN9libunwind17DwarfInstructionsINS_17LocalAddressSpaceENS_16Registers_x86_64EE13stepWithDwarfERS1_mmRS2_Rb)
          20b548           20b548       c0     4         /usr/lib/libgcc_eh.a(libunwind.o):(.rodata._ZN9libunwind10CFI_ParserINS_17LocalAddressSpaceEE20parseFDEInstructionsERS1_RKNS2_8FDE_InfoERKNS2_8CIE_InfoEmiPNS2_10PrologInfoE)
          20b608           20b608       5c     4         /usr/lib/libgcc_eh.a(libunwind.o):(.rodata._ZN9libunwind17DwarfInstructionsINS_17LocalAddressSpaceENS_16Registers_x86_64EE16getSavedRegisterERS1_RKS2_mRKNS_10CFI_ParserIS1_E16RegisterLocationE)
          20b664           20b664       4c     4         /usr/lib/libgcc_eh.a(libunwind.o):(.rodata._ZN9libunwind17LocalAddressSpace11getEncodedPERmmhm)
          20b6b0           20b6b0      538     4         /usr/lib/libgcc_eh.a(libunwind.o):(.rodata._ZN9libunwind17DwarfInstructionsINS_17LocalAddressSpaceENS_16Registers_x86_64EE18evaluateExpressionEmRS1_RKS2_m)
          20bbe8           20bbe8       bc     4         /usr/lib/libgcc_eh.a(libunwind.o):(.rodata._ZN9libunwind10CFI_ParserINS_17LocalAddressSpaceEE8parseCIEERS1_mPNS2_8CIE_InfoE)
          20bca4           20bca4       30     4         /usr/lib/libgcc_eh.a(libunwind.o):(.rodata._ZN9libunwind14EHHeaderParserINS_17LocalAddressSpaceEE17getTableEntrySizeEh)
          20bcd4           20bcd4       8c     4         /usr/lib/libgcc_eh.a(libunwind.o):(.rodata)
          20bd60           20bd60       54    16         /usr/lib/libc.a(dlfcn.o):(.rodata)
          20bda0           20bda0       14     1                 sorry
          20bdb8           20bdb8      1f0     8         /usr/lib/libc.a(auxv.o):(.rodata)
          20bfa8           20bfa8       30     8         /usr/lib/libc.a(tls.o):(.rodata)
          20bfe0           20bfe0       88    16         /usr/lib/libc.a(setlocale.o):(.rodata)
          20bfe0           20bfe0       54     1                 categories
          20c068           20c068       a8     8         /usr/lib/libc.a(lmonetary.o):(.rodata)
          20c068           20c068       a8     1                 _C_monetary_locale
          20c110           20c110        1     1         /usr/lib/libc.a(fix_grouping.o):(.rodata)
          20c110           20c110        1     1                 nogrouping
          20c118           20c118       18     8         /usr/lib/libc.a(lnumeric.o):(.rodata)
          20c118           20c118       18     1                 _C_numeric_locale
          20c130           20c130       20     8         /usr/lib/libc.a(lmessages.o):(.rodata)
          20c130           20c130       20     1                 _C_messages_locale
          20c150           20c150     1080     8         /usr/lib/libc.a(table.o):(.rodata)
          20c150           20c150     1080     1                 _DefaultRuneLocale
          20d1d0           20d1d0       30    16         /usr/lib/libc.a(xlocale.o):(.rodata)
          20d1d0           20d1d0       30     1                 constructors
          20d200           20d200       14    16         /usr/lib/libc.a(termios.o):(.rodata)
          20d200           20d200       14     1                 ttydefchars
          20d220           20d220      320    16         /usr/lib/libc.a(vfprintf.o):(.rodata)
          20d500           20d500       10     1                 __vfprintf.xdigs_lower
          20d510           20d510       10     1                 __vfprintf.xdigs_upper
          20d520           20d520       10     1                 blanks
          20d530           20d530       10     1                 zeroes
          20d540           20d540      680     8         /usr/lib/libc.a(printf-pos.o):(.rodata)
          20dbc0           20dbc0      822    16         /usr/lib/libc.a(vfscanf.o):(.rodata)
          20e3b8           20e3b8        4     1                 suppress
          20e3c0           20e3c0       22     1                 parseint.basefix
          20e3f0           20e3f0       10    16         <internal>:(.rodata)
          20e400           20e400      481    16         /usr/lib/libc.a(xprintf.o):(.rodata)
          20e850           20e850       11     1                 __lowercase_hex
          20e870           20e870       11     1                 __uppercase_hex
          20e888           20e888      138     8         /usr/lib/libc.a(xprintf_float.o):(.rodata)
          20e9c0           20e9c0      150     8         /usr/lib/libc.a(xprintf_int.o):(.rodata)
          20eb10           20eb10      4cc    16         /usr/lib/libc.a(errlst.o):(.rodata)
          20eb10           20eb10        e     1                 __uprefix
          20eb20           20eb20      4b8     1                 sys_errlist
          20efd8           20efd8        4     1                 sys_nerr
          20efe0           20efe0       d0     8         /usr/lib/libc.a(xprintf_quote.o):(.rodata)
          20f0b0           20f0b0      3b8     8         /usr/lib/libc.a(vis.o):(.rodata)
          20f468           20f468       bc     4         <internal>:(.rodata)
          20f528           20f528      1d0     8         /usr/lib/libc.a(timelocal.o):(.rodata)
          20f528           20f528      1d0     1                 _C_time_locale
          20f6f8           20f6f8       98     8         /usr/lib/libc.a(sysctl.o):(.rodata)
          20f790           20f790        8     4         /usr/lib/libc.a(stack_protector.o):(.rodata)
          20f790           20f790        8     1                 __guard_setup.mib
          20f798           20f798      13b     1         /usr/lib/libc.a(syslog.o):(.rodata)
          20f8e0           20f8e0       f4    16         /usr/lib/libc.a(localtime.o):(.rodata)
          20f970           20f970       60     1                 mon_lengths
          20f9d0           20f9d0        4     1                 gmt
          20f9e0           20f9e0       44    16         /usr/lib/libc.a(asctime.o):(.rodata)
          20f9e0           20f9e0       15     1                 asctime_r.wday_name
          20fa00           20fa00       24     1                 asctime_r.mon_name
          20fa30           20fa30      430    16         /usr/lib/libc.a(strftime.o):(.rodata)
          20fe10           20fe10       50     1                 fmt_padding
          20fe60           20fe60       7a    16         /usr/lib/libc.a(__vdso_gettc.o):(.rodata)
          20fe80           20fe80       40     1                 tsc_selector
          20fec0           20fec0        d     1                 tsc_selector_idx.amd_id
          20fecd           20fecd        d     1                 tsc_selector_idx.hygon_id
          20fee0           20fee0       80     8         /usr/lib/libc.a(_hdtoa.o):(.rodata)
          20ff60           20ff60       80     8         /usr/lib/libc.a(_hldtoa.o):(.rodata)
          20ffe0           20ffe0       80     8         /usr/lib/libc.a(_ldtoa.o):(.rodata)
          210060           210060       70     8         /usr/lib/libc.a(gdtoa_strtorx.o):(.rodata)
          2100d0           2100d0       30     8         /usr/lib/libc.a(gdtoa_dtoa.o):(.rodata)
          210100           210100       58     8         /usr/lib/libc.a(gdtoa_gdtoa.o):(.rodata)
          210160           210160      128    16         /usr/lib/libc.a(gdtoa_misc.o):(.rodata)
          210160           210160        c     1                 __pow5mult_D2A.p05
          210170           210170       28     1                 __bigtens_D2A
          2101a0           2101a0       28     1                 __tinytens_D2A
          2101d0           2101d0       b8     1                 __tens_D2A
          210290           210290      178    16         /usr/lib/libc.a(gdtoa_strtod.o):(.rodata)
          2103c0           2103c0       14     1                 strtod_l.fpi
          2103e0           2103e0       28     1                 tinytens
          210410           210410      18c    16         /usr/lib/libc.a(gdtoa_strtodg.o):(.rodata)
          210540           210540       5c     1                 fivesbits
          2105a0           2105a0       50     8         /usr/lib/libc.a(gdtoa_strtof.o):(.rodata)
          2105f0           2105f0       70     8         /usr/lib/libc.a(gdtoa_strtord.o):(.rodata)
          210660           210660       55    16         /usr/lib/libc.a(getenv.o):(.rodata)
          210660           210660       28     1                 CorruptEnvValueMsg
          210688           210688        2     1                 __env_warnx.nl
          21068a           21068a        3     1                 __env_warnx.progSep
          210690           210690       25     1                 CorruptEnvFindMsg
          2106c0           2106c0       21    16         /usr/lib/libc.a(exec.o):(.rodata)
          2106c0           2106c0        9     1                 execvPe_err_preamble
          2106d0           2106d0       11     1                 execvPe_err_trailer
          2106f0           2106f0      4c0    16         /usr/lib/libc.a(jemalloc_jemalloc.o):(.rodata)
          210b90           210b90       20     1                 malloc_conf_init_helper.opts_explain
          210bb0           210bb0      3d0     8         /usr/lib/libc.a(sysconf.o):(.rodata)
          210f80           210f80      648    16         /usr/lib/libc.a(jemalloc_arena.o):(.rodata)
          210f80           210f80      640     1                 __je_h_steps
          2115c0           2115c0        8     1                 __je_arena_dalloc_junk_small
          2115d0           2115d0     3138    16         /usr/lib/libc.a(jemalloc_ctl.o):(.rodata)
          2115d0           2115d0       28     1                 super_root_node
          211600           211600      208     1                 root_node
          211810           211810      118     1                 thread_node
          211930           211930      1e0     1                 config_node
          211b10           211b10      528     1                 opt_node
          212040           212040       78     1                 tcache_node
          2120c0           2120c0       10     1                 arena_node
          2120d0           2120d0      208     1                 arenas_node
          2122e0           2122e0      168     1                 prof_node
          212450           212450      190     1                 stats_node
          2125e0           2125e0       78     1                 experimental_node
          212660           212660       50     1                 thread_tcache_node
          2126b0           2126b0       50     1                 thread_prof_node
          212700           212700       28     1                 super_arena_i_node
          212730           212730      190     1                 arena_i_node
          2128c0           2128c0       10     1                 arenas_bin_node
          2128d0           2128d0       10     1                 arenas_lextent_node
          2128e0           2128e0       28     1                 super_arenas_bin_i_node
          212910           212910       a0     1                 arenas_bin_i_node
          2129b0           2129b0       28     1                 super_arenas_lextent_i_node
          2129e0           2129e0       28     1                 arenas_lextent_i_node
          212a10           212a10       78     1                 stats_background_thread_node
          212a90           212a90       a0     1                 stats_mutexes_node
          212b30           212b30       10     1                 stats_arenas_node
          212b40           212b40      118     1                 stats_mutexes_background_thread_node
          212c60           212c60      118     1                 stats_mutexes_ctl_node
          212d80           212d80      118     1                 stats_mutexes_prof_node
          212ea0           212ea0       28     1                 super_stats_arenas_i_node
          212ed0           212ed0      488     1                 stats_arenas_i_node
          213360           213360       f0     1                 stats_arenas_i_small_node
          213450           213450       f0     1                 stats_arenas_i_large_node
          213540           213540       10     1                 stats_arenas_i_bins_node
          213550           213550       10     1                 stats_arenas_i_lextents_node
          213560           213560       10     1                 stats_arenas_i_extents_node
          213570           213570      168     1                 stats_arenas_i_mutexes_node
          2136e0           2136e0       28     1                 super_stats_arenas_i_bins_j_node
          213710           213710      1b8     1                 stats_arenas_i_bins_j_node
          2138d0           2138d0      118     1                 stats_arenas_i_bins_j_mutex_node
          2139f0           2139f0       28     1                 super_stats_arenas_i_lextents_j_node
          213a20           213a20       a0     1                 stats_arenas_i_lextents_j_node
          213ac0           213ac0       28     1                 super_stats_arenas_i_extents_j_node
          213af0           213af0       f0     1                 stats_arenas_i_extents_j_node
          213be0           213be0      118     1                 stats_arenas_i_mutexes_large_node
          213d00           213d00      118     1                 stats_arenas_i_mutexes_extent_avail_node
          213e20           213e20      118     1                 stats_arenas_i_mutexes_extents_dirty_node
          213f40           213f40      118     1                 stats_arenas_i_mutexes_extents_muzzy_node
          214060           214060      118     1                 stats_arenas_i_mutexes_extents_retained_node
          214180           214180      118     1                 stats_arenas_i_mutexes_decay_dirty_node
          2142a0           2142a0      118     1                 stats_arenas_i_mutexes_decay_muzzy_node
          2143c0           2143c0      118     1                 stats_arenas_i_mutexes_base_node
          2144e0           2144e0      118     1                 stats_arenas_i_mutexes_tcache_list_node
          214600           214600       50     1                 experimental_hooks_node
          214650           214650       50     1                 experimental_utilization_node
          2146a0           2146a0       10     1                 experimental_arenas_node
          2146b0           2146b0       28     1                 super_experimental_arenas_i_node
          2146e0           2146e0       28     1                 experimental_arenas_i_node
          214708           214708       58     8         /usr/lib/libc.a(jemalloc_extent.o):(.rodata)
          214708           214708       48     1                 __je_extent_hooks_default
          214750           214750       10     1                 extents_bitmap_info
          214760           214760       10     8         /usr/lib/libc.a(jemalloc_large.o):(.rodata)
          214760           214760        8     1                 __je_large_dalloc_junk
          214768           214768        8     1                 __je_large_dalloc_maybe_junk
          214770           214770      770     8         /usr/lib/libc.a(jemalloc_malloc_io.o):(.rodata)
          214ee0           214ee0       10     8         /usr/lib/libc.a(jemalloc_nstime.o):(.rodata)
          214ee0           214ee0        8     1                 __je_nstime_monotonic
          214ee8           214ee8        8     1                 __je_nstime_update
          214ef0           214ef0       10     8         /usr/lib/libc.a(jemalloc_prof.o):(.rodata)
          214ef0           214ef0        8     1                 __je_prof_dump_open
          214ef8           214ef8        8     1                 __je_prof_dump_header
          214f00           214f00       78     8         /usr/lib/libc.a(jemalloc_ckh.o):(.rodata)
          214f78           214f78       20     8         /usr/lib/libc.a(jemalloc_rtree.o):(.rodata)
          214f78           214f78        8     1                 __je_rtree_node_alloc
          214f80           214f80        8     1                 __je_rtree_node_dalloc
          214f88           214f88        8     1                 __je_rtree_leaf_alloc
          214f90           214f90        8     1                 __je_rtree_leaf_dalloc
          214f98           214f98      1c8     8         /usr/lib/libc.a(jemalloc_stats.o):(.rodata)
          215158           215158        8     1                 config_malloc_conf
          215160           215160       28     8         /usr/lib/libc.a(jemalloc_tsd.o):(.rodata)
          215188           215188       20     8         /usr/lib/libc.a(jemalloc_witness.o):(.rodata)
          215188           215188        8     1                 __je_witness_lock_error
          215190           215190        8     1                 __je_witness_owner_error
          215198           215198        8     1                 __je_witness_not_owner_error
          2151a0           2151a0        8     1                 __je_witness_depth_error
          2151a8           2151a8      148     8         /usr/lib/libc.a(msgcat.o):(.rodata)
          2152f0           2152f0      3d4     4 .gcc_except_table
          2152f0           2152f0       60     4         7znew/7zlzma.o:(.gcc_except_table)
          2152f0           2152f0        0     1                 GCC_except_table0
          215324           215324        0     1                 GCC_except_table2
          215350           215350       34     4         7znew/LZMADecoder.o:(.gcc_except_table)
          215350           215350        0     1                 GCC_except_table3
          215368           215368        0     1                 GCC_except_table10
          215384           215384       78     4         7znew/LZMAEncoder.o:(.gcc_except_table)
          215384           215384        0     1                 GCC_except_table11
          215398           215398        0     1                 GCC_except_table12
          2153b8           2153b8        0     1                 GCC_except_table13
          2153c8           2153c8        0     1                 GCC_except_table14
          2153e0           2153e0        0     1                 GCC_except_table33
          2153fc           2153fc       18     4         /usr/lib/libc++.a(new.o):(.gcc_except_table._ZnwmRKSt9nothrow_t)
          2153fc           2153fc        0     1                 GCC_except_table5
          215414           215414       18     4         /usr/lib/libc++.a(new.o):(.gcc_except_table._ZnamRKSt9nothrow_t)
          215414           215414        0     1                 GCC_except_table7
          21542c           21542c       18     4         /usr/lib/libc++.a(new.o):(.gcc_except_table._ZnwmSt11align_val_tRKSt9nothrow_t)
          21542c           21542c        0     1                 GCC_except_table15
          215444           215444       18     4         /usr/lib/libc++.a(new.o):(.gcc_except_table._ZnamSt11align_val_tRKSt9nothrow_t)
          215444           215444        0     1                 GCC_except_table17
          21545c           21545c       14     4         /usr/lib/libc++.a(cxxrt_exception.o):(.gcc_except_table._ZL12alloc_or_diem)
          21545c           21545c        0     1                 GCC_except_table4
          215470           215470       24     4         /usr/lib/libc++.a(cxxrt_exception.o):(.gcc_except_table.__cxa_free_exception)
          215470           215470        0     1                 GCC_except_table6
          215494           215494       20     4         /usr/lib/libc++.a(cxxrt_exception.o):(.gcc_except_table.__cxa_begin_catch)
          215494           215494        0     1                 GCC_except_table7
          2154b4           2154b4       10     4         /usr/lib/libc++.a(cxxrt_exception.o):(.gcc_except_table._ZSt9terminatev)
          2154b4           2154b4        0     1                 GCC_except_table8
          2154c4           2154c4       30     4         /usr/lib/libc++.a(cxxrt_exception.o):(.gcc_except_table.__cxa_free_dependent_exception)
          2154c4           2154c4        0     1                 GCC_except_table12
          2154f4           2154f4       38     4         /usr/lib/libc++.a(cxxrt_exception.o):(.gcc_except_table._ZL17exception_cleanup19_Unwind_Reason_CodeP17_Unwind_Exception)
          2154f4           2154f4        0     1                 GCC_except_table14
          21552c           21552c       40     4         /usr/lib/libc++.a(cxxrt_exception.o):(.gcc_except_table.__cxa_decrement_exception_refcount)
          21552c           21552c        0     1                 GCC_except_table19
          21556c           21556c       14     4         /usr/lib/libc++.a(cxxrt_exception.o):(.gcc_except_table.__cxa_rethrow)
          21556c           21556c        0     1                 GCC_except_table20
          215580           215580       14     4         /usr/lib/libc++.a(cxxrt_exception.o):(.gcc_except_table._ZL14report_failure19_Unwind_Reason_CodePN10__cxxabiv115__cxa_exceptionE)
          215580           215580        0     1                 GCC_except_table21
          215594           215594       30     4         /usr/lib/libc++.a(cxxrt_exception.o):(.gcc_except_table.__cxa_call_unexpected)
          215594           215594        0     1                 GCC_except_table27
          2155c4           2155c4       10     4         /usr/lib/libc++.a(cxxrt_exception.o):(.gcc_except_table._ZSt10unexpectedv)
          2155c4           2155c4        0     1                 GCC_except_table28
          2155d4           2155d4       14     4         /usr/lib/libc++.a(cxxrt_exception.o):(.gcc_except_table._ZN9pathscale14set_unexpectedEPFvvE)
          2155d4           2155d4        0     1                 GCC_except_table31
          2155e8           2155e8       14     4         /usr/lib/libc++.a(cxxrt_exception.o):(.gcc_except_table._ZN9pathscale13set_terminateEPFvvE)
          2155e8           2155e8        0     1                 GCC_except_table32
          2155fc           2155fc       18     4         /usr/lib/libc++.a(cxxrt_exception.o):(.gcc_except_table._ZSt14set_unexpectedPFvvE)
          2155fc           2155fc        0     1                 GCC_except_table33
          215614           215614       18     4         /usr/lib/libc++.a(cxxrt_exception.o):(.gcc_except_table._ZSt13set_terminatePFvvE)
          215614           215614        0     1                 GCC_except_table34
          21562c           21562c       14     4         /usr/lib/libc++.a(cxxrt_exception.o):(.gcc_except_table._ZSt18uncaught_exceptionv)
          21562c           21562c        0     1                 GCC_except_table35
          215640           215640       14     4         /usr/lib/libc++.a(cxxrt_exception.o):(.gcc_except_table._ZSt19uncaught_exceptionsv)
          215640           215640        0     1                 GCC_except_table36
          215654           215654       18     4         /usr/lib/libc++.a(cxxrt_exception.o):(.gcc_except_table._ZSt14get_unexpectedv)
          215654           215654        0     1                 GCC_except_table37
          21566c           21566c       18     4         /usr/lib/libc++.a(cxxrt_exception.o):(.gcc_except_table._ZSt13get_terminatev)
          21566c           21566c        0     1                 GCC_except_table38
          215684           215684       40     4         /usr/lib/libc++.a(cxxrt_exception.o):(.gcc_except_table._ZL19free_exception_listPN10__cxxabiv115__cxa_exceptionE)
          215684           215684        0     1                 GCC_except_table41
          2156c4           2156c4     3cfc     4 .eh_frame_hdr
          2156c4           2156c4     3cfc     4         <internal>:(.eh_frame_hdr)
          2193c0           2193c0    12cd4     8 .eh_frame
          2193c0           2193c0       3c     1         7znew/7zlzma.o:(.eh_frame+0x0)
          219400           219400       24     1         7znew/7zlzma.o:(.eh_frame+0x3c)
          219428           219428       c8     1         alloc.o:(.eh_frame+0x18)
          2194f0           2194f0       30     1         decompress/decompress.o:(.eh_frame+0x18)
          219520           219520       24     1         7znew/AriBitCoder.o:(.eh_frame+0x18)
          219548           219548       24     1         7znew/AriBitCoder.o:(.eh_frame+0x3c)
          219570           219570       24     1         7znew/IInOutStreams.o:(.eh_frame+0x18)
          219598           219598       24     1         7znew/IInOutStreams.o:(.eh_frame+0x3c)
          2195c0           2195c0       90     1         7znew/InByte.o:(.eh_frame+0x18)
          219650           219650       54     1         7znew/LenCoder.o:(.eh_frame+0x18)
          2196a8           2196a8       2c     1         7znew/LenCoder.o:(.eh_frame+0x6c)
          2196d8           2196d8       24     1         7znew/LenCoder.o:(.eh_frame+0x98)
          219700           219700       4c     1         7znew/LenCoder.o:(.eh_frame+0xbc)
          219750           219750       4c     1         7znew/LiteralCoder.o:(.eh_frame+0x18)
          2197a0           2197a0       24     1         7znew/LiteralCoder.o:(.eh_frame+0x64)
          2197c8           2197c8       20     1         7znew/LZMA.o:(.eh_frame+0x18)
          2197e8           2197e8       e4     1         7znew/LZMADecoder.o:(.eh_frame+0x18)
          2198d0           2198d0       94     1         7znew/LZMADecoder.o:(.eh_frame+0xfc)
          219968           219968       5c     1         7znew/LZMADecoder.o:(.eh_frame+0x190)
          2199c8           2199c8       2c     1         7znew/LZMADecoder.o:(.eh_frame+0x1ec)
          2199f8           2199f8       8c     1         7znew/LZMAEncoder.o:(.eh_frame+0x18)
          219a88           219a88       24     1         7znew/LZMAEncoder.o:(.eh_frame+0xa4)
          219ab0           219ab0       2c     1         7znew/LZMAEncoder.o:(.eh_frame+0xc8)
          219ae0           219ae0       2c     1         7znew/LZMAEncoder.o:(.eh_frame+0xf4)
          219b10           219b10       24     1         7znew/LZMAEncoder.o:(.eh_frame+0x120)
          219b38           219b38       24     1         7znew/LZMAEncoder.o:(.eh_frame+0x144)
          219b60           219b60       ec     1         7znew/LZMAEncoder.o:(.eh_frame+0x168)
          219c50           219c50       54     1         7znew/LZMAEncoder.o:(.eh_frame+0x254)
          219ca8           219ca8       4c     1         7znew/LZMAEncoder.o:(.eh_frame+0x2a8)
          219cf8           219cf8       5c     1         7znew/LZMAEncoder.o:(.eh_frame+0x2f4)
          219d58           219d58       84     1         7znew/LZMAEncoder.o:(.eh_frame+0x350)
          219de0           219de0       2c     1         7znew/LZMAEncoder.o:(.eh_frame+0x3d4)
          219e10           219e10       2c     1         7znew/LZMAEncoder.o:(.eh_frame+0x400)
          219e40           219e40       68     1         7znew/LZMAEncoder.o:(.eh_frame+0x42c)
          219ea8           219ea8       28     1         7znew/LZMAEncoder.o:(.eh_frame+0x4bc)
          219ed0           219ed0      22c     1         minilzo.o:(.eh_frame+0x18)
          21a100           21a100       2c     1         minilzo.o:(.eh_frame+0x244)
          21a130           21a130       30     1         minilzo.o:(.eh_frame+0x270)
          21a160           21a160       5c     1         n2b_99.o:(.eh_frame+0x18)
          21a1c0           21a1c0       2c     1         n2b_99.o:(.eh_frame+0x74)
          21a1f0           21a1f0       5c     1         n2d_99.o:(.eh_frame+0x18)
          21a250           21a250       4c     1         n2d_99.o:(.eh_frame+0x74)
          21a2a0           21a2a0       30     1         decompress/nrv2d_d.o:(.eh_frame+0x18)
          21a2d0           21a2d0       b0     1         7znew/OutByte.o:(.eh_frame+0x18)
          21a380           21a380       7c     1         ProgramStore.o:(.eh_frame+0x18)
          21a400           21a400       54     1         ProgramStore.o:(.eh_frame+0x94)
          21a458           21a458       7c     1         ProgramStore.o:(.eh_frame+0xe8)
          21a4d8           21a4d8       2c     1         ProgramStore.o:(.eh_frame+0x164)
          21a508           21a508      114     1         7znew/WindowIn.o:(.eh_frame+0x18)
          21a620           21a620       24     1         7znew/WindowIn.o:(.eh_frame+0x14c)
          21a648           21a648       d4     1         7znew/WindowOut.o:(.eh_frame+0x18)
          21a720           21a720       2c     1         7znew/WindowOut.o:(.eh_frame+0xec)
          21a750           21a750       20     1         /usr/lib/libc++.a(new.o):(.eh_frame+0x18)
          21a770           21a770       3c     1         /usr/lib/libc++.a(new.o):(.eh_frame+0x4c)
          21a7b0           21a7b0       24     1         /usr/lib/libc++.a(new.o):(.eh_frame+0x88)
          21a7d8           21a7d8      10c     1         /usr/lib/libc++.a(new.o):(.eh_frame+0xac)
          21a8e8           21a8e8       e0     1         /usr/lib/libc++.a(new.o):(.eh_frame+0x1b8)
          21a9c8           21a9c8       24     1         /usr/lib/libc++.a(cxxrt_exception.o):(.eh_frame+0x18)
          21a9f0           21a9f0       24     1         /usr/lib/libc++.a(cxxrt_exception.o):(.eh_frame+0x3c)
          21aa18           21aa18       90     1         /usr/lib/libc++.a(cxxrt_exception.o):(.eh_frame+0x60)
          21aaa8           21aaa8       2c     1         /usr/lib/libc++.a(cxxrt_exception.o):(.eh_frame+0x104)
          21aad8           21aad8       64     1         /usr/lib/libc++.a(cxxrt_exception.o):(.eh_frame+0x130)
          21ab40           21ab40      204     1         /usr/lib/libc++.a(cxxrt_exception.o):(.eh_frame+0x194)
          21ad48           21ad48       24     1         /usr/lib/libc++.a(cxxrt_exception.o):(.eh_frame+0x398)
          21ad70           21ad70       24     1         /usr/lib/libc++.a(cxxrt_exception.o):(.eh_frame+0x3bc)
          21ad98           21ad98       2c     1         /usr/lib/libc++.a(cxxrt_exception.o):(.eh_frame+0x3e0)
          21adc8           21adc8       5c     1         /usr/lib/libc++.a(cxxrt_dynamic_cast.o):(.eh_frame+0x18)
          21ae28           21ae28       84     1         /usr/lib/libc++.a(cxxrt_dynamic_cast.o):(.eh_frame+0x74)
          21aeb0           21aeb0       50     1         /usr/lib/libc++.a(cxxrt_dynamic_cast.o):(.eh_frame+0xf8)
[...]
           28935            28935      264     1         /usr/lib/libc.a(gdtoa_strtorx.o):(.debug_line)
           28b99            28b99      278     1         /usr/lib/libc.a(gdtoa_dmisc.o):(.debug_line)
           28e11            28e11      ab9     1         /usr/lib/libc.a(gdtoa_dtoa.o):(.debug_line)
           298ca            298ca      cdc     1         /usr/lib/libc.a(gdtoa_gdtoa.o):(.debug_line)
           2a5a6            2a5a6      1cc     1         /usr/lib/libc.a(gdtoa_gmisc.o):(.debug_line)
           2a772            2a772      bad     1         /usr/lib/libc.a(gdtoa_misc.o):(.debug_line)
           2b31f            2b31f       84     1         /usr/lib/libc.a(glue.o):(.debug_line)
           2b3a3            2b3a3      d17     1         /usr/lib/libc.a(gdtoa_strtod.o):(.debug_line)
           2c0ba            2c0ba      64f     1         /usr/lib/libc.a(gdtoa_gethex.o):(.debug_line)
           2c709            2c709       53     1         /usr/lib/libc.a(gdtoa_hd_init.o):(.debug_line)
           2c75c            2c75c      2dd     1         /usr/lib/libc.a(gdtoa_smisc.o):(.debug_line)
           2ca39            2ca39      367     1         /usr/lib/libc.a(gdtoa_hexnan.o):(.debug_line)
           2cda0            2cda0     138a     1         /usr/lib/libc.a(gdtoa_strtodg.o):(.debug_line)
           2e12a            2e12a      200     1         /usr/lib/libc.a(gdtoa_strtof.o):(.debug_line)
           2e32a            2e32a      1dc     1         /usr/lib/libc.a(gdtoa_strtord.o):(.debug_line)
           2e506            2e506      151     1         /usr/lib/libc.a(gdtoa_sum.o):(.debug_line)
           2e657            2e657       dc     1         /usr/lib/libc.a(gdtoa_ulp.o):(.debug_line)
           2e733            2e733      143     1         /usr/lib/libc.a(abort.o):(.debug_line)
           2e876            2e876       74     1         /usr/lib/libc.a(raise.o):(.debug_line)
           2e8ea            2e8ea       41     1         /usr/lib/libc.a(thr_self.o):(.debug_line)
           2e92b            2e92b       41     1         /usr/lib/libc.a(thr_kill.o):(.debug_line)
           2e96c            2e96c      3b9     1         /usr/lib/libc.a(atexit.o):(.debug_line)
           2ed25            2ed25       68     1         /usr/lib/libc.a(exit.o):(.debug_line)
           2ed8d            2ed8d       5d     1         /usr/lib/libc.a(_thread_init.o):(.debug_line)
           2edea            2edea      2e2     1         /usr/lib/libc.a(cxa_thread_atexit_impl.o):(.debug_line)
           2f0cc            2f0cc      e35     1         /usr/lib/libc.a(getenv.o):(.debug_line)
           2ff01            2ff01       db     1         /usr/lib/libc.a(reallocarray.o):(.debug_line)
           2ffdc            2ffdc       c1     1         /usr/lib/libc.a(reallocf.o):(.debug_line)
           3009d            3009d      2dd     1         /usr/lib/libc.a(strtoimax.o):(.debug_line)
           3037a            3037a      2da     1         /usr/lib/libc.a(strtol.o):(.debug_line)
           30654            30654      2e5     1         /usr/lib/libc.a(strtoumax.o):(.debug_line)
           30939            30939      283     1         /usr/lib/libc.a(system.o):(.debug_line)
           30bbc            30bbc       5f     1         /usr/lib/libc.a(vfork.o):(.debug_line)
           30c1b            30c1b      458     1         /usr/lib/libc.a(exec.o):(.debug_line)
           31073            31073       3f     1         /usr/lib/libc.a(execve.o):(.debug_line)
           310b2            310b2      1e9     1         /usr/lib/libc.a(stat.o):(.debug_line)
           3129b            3129b       41     1         /usr/lib/libc.a(_fstatat.o):(.debug_line)
           312dc            312dc     7331     1         /usr/lib/libc.a(jemalloc_jemalloc.o):(.debug_line)
           3860d            3860d       3f     1         /usr/lib/libc.a(utrace.o):(.debug_line)
           3864c            3864c       41     1         /usr/lib/libc.a(readlink.o):(.debug_line)
           3868d            3868d      307     1         /usr/lib/libc.a(sysconf.o):(.debug_line)
           38994            38994      127     1         /usr/lib/libc.a(getpagesize.o):(.debug_line)
           38abb            38abb       41     1         /usr/lib/libc.a(pathconf.o):(.debug_line)
           38afc            38afc      11e     1         /usr/lib/libc.a(sysctlbyname.o):(.debug_line)
           38c1a            38c1a       47     1         /usr/lib/libc.a(__sysctlbyname.o):(.debug_line)
           38c61            38c61       fe     1         /usr/lib/libc.a(sysctlnametomib.o):(.debug_line)
           38d5f            38d5f     4b0e     1         /usr/lib/libc.a(jemalloc_arena.o):(.debug_line)
           3d86d            3d86d      879     1         /usr/lib/libc.a(jemalloc_background_thread.o):(.debug_line)
           3e0e6            3e0e6     13b5     1         /usr/lib/libc.a(jemalloc_base.o):(.debug_line)
           3f49b            3f49b      ac6     1         /usr/lib/libc.a(jemalloc_bin.o):(.debug_line)
           3ff61            3ff61      140     1         /usr/lib/libc.a(jemalloc_bitmap.o):(.debug_line)
           400a1            400a1     c615     1         /usr/lib/libc.a(jemalloc_ctl.o):(.debug_line)
           4c6b6            4c6b6      110     1         /usr/lib/libc.a(jemalloc_div.o):(.debug_line)
           4c7c6            4c7c6     6602     1         /usr/lib/libc.a(jemalloc_extent.o):(.debug_line)
           52dc8            52dc8      259     1         /usr/lib/libc.a(jemalloc_extent_dss.o):(.debug_line)
           53021            53021       d3     1         /usr/lib/libc.a(jemalloc_extent_mmap.o):(.debug_line)
           530f4            530f4      b5d     1         /usr/lib/libc.a(jemalloc_hook.o):(.debug_line)
           53c51            53c51     1d07     1         /usr/lib/libc.a(jemalloc_large.o):(.debug_line)
           55958            55958      1ea     1         /usr/lib/libc.a(jemalloc_log.o):(.debug_line)
           55b42            55b42      a4b     1         /usr/lib/libc.a(jemalloc_malloc_io.o):(.debug_line)
           5658d            5658d      afa     1         /usr/lib/libc.a(jemalloc_mutex.o):(.debug_line)
           57087            57087      874     1         /usr/lib/libc.a(jemalloc_mutex_pool.o):(.debug_line)
           578fb            578fb      25e     1         /usr/lib/libc.a(jemalloc_nstime.o):(.debug_line)
           57b59            57b59      411     1         /usr/lib/libc.a(jemalloc_pages.o):(.debug_line)
           57f6a            57f6a       40     1         /usr/lib/libc.a(madvise.o):(.debug_line)
           57faa            57faa     1db9     1         /usr/lib/libc.a(jemalloc_prof.o):(.debug_line)
           59d63            59d63      100     1         /usr/lib/libc.a(creat.o):(.debug_line)
           59e63            59e63     2e25     1         /usr/lib/libc.a(jemalloc_ckh.o):(.debug_line)
           5cc88            5cc88      a3d     1         /usr/lib/libc.a(jemalloc_rtree.o):(.debug_line)
           5d6c5            5d6c5      340     1         /usr/lib/libc.a(jemalloc_sc.o):(.debug_line)
           5da05            5da05     64eb     1         /usr/lib/libc.a(jemalloc_stats.o):(.debug_line)
           63ef0            63ef0      226     1         /usr/lib/libc.a(jemalloc_sz.o):(.debug_line)
           64116            64116     2a67     1         /usr/lib/libc.a(jemalloc_tcache.o):(.debug_line)
           66b7d            66b7d       37     1         /usr/lib/libc.a(jemalloc_test_hooks.o):(.debug_line)
           66bb4            66bb4      f4b     1         /usr/lib/libc.a(jemalloc_tsd.o):(.debug_line)
           67aff            67aff      128     1         /usr/lib/libc.a(jemalloc_witness.o):(.debug_line)
           67c27            67c27      1ca     1         /usr/lib/libc.a(memchr.o):(.debug_line)
           67df1            67df1       dc     1         /usr/lib/libc.a(stpncpy.o):(.debug_line)
           67ecd            67ecd       6b     1         /usr/lib/libc.a(strchr.o):(.debug_line)
           67f38            67f38      1af     1         /usr/lib/libc.a(strchrnul.o):(.debug_line)
           680e7            680e7      29a     1         /usr/lib/libc.a(strcoll.o):(.debug_line)
           68381            68381       61     1         /usr/lib/libc.a(strcpy.o):(.debug_line)
           683e2            683e2       9a     1         /usr/lib/libc.a(stpcpy.o):(.debug_line)
           6847c            6847c       c5     1         /usr/lib/libc.a(strdup.o):(.debug_line)
           68541            68541      244     1         /usr/lib/libc.a(strerror.o):(.debug_line)
           68785            68785      9b4     1         /usr/lib/libc.a(msgcat.o):(.debug_line)
           69139            69139      13f     1         /usr/lib/libc.a(strlcat.o):(.debug_line)
           69278            69278       f9     1         /usr/lib/libc.a(strlcpy.o):(.debug_line)
           69371            69371       f1     1         /usr/lib/libc.a(strncmp.o):(.debug_line)
           69462            69462       e9     1         /usr/lib/libc.a(strncpy.o):(.debug_line)
           6954b            6954b       cf     1         /usr/lib/libc.a(strnlen.o):(.debug_line)
           6961a            6961a       ac     1         /usr/lib/libc.a(strsep.o):(.debug_line)
           696c6            696c6      3de     1         /usr/lib/libc.a(strstr.o):(.debug_line)
           69aa4            69aa4       bc     1         /usr/lib/libc.a(bcmp.o):(.debug_line)
           69b60            69b60       cd     1         /usr/lib/libc.a(wcschr.o):(.debug_line)
           69c2d            69c2d      4a1     1         /usr/lib/libc.a(wcscoll.o):(.debug_line)
           6a0ce            6a0ce       c9     1         /usr/lib/libc.a(wcscmp.o):(.debug_line)
           6a197            6a197       cb     1         /usr/lib/libc.a(wcsdup.o):(.debug_line)
           6a262            6a262       b5     1         /usr/lib/libc.a(wcslen.o):(.debug_line)
           6a317            6a317       e3     1         /usr/lib/libc.a(wcsncmp.o):(.debug_line)
           6a3fa            6a3fa       df     1         /usr/lib/libc.a(wcsncpy.o):(.debug_line)
           6a4d9            6a4d9       cd     1         /usr/lib/libc.a(wcsnlen.o):(.debug_line)
           6a5a6            6a5a6       ce     1         /usr/lib/libc.a(wmemcpy.o):(.debug_line)
           6a674            6a674       65     1         /usr/lib/crtend.o:(.debug_line)
           6a6d9            6a6d9       67     1         /usr/lib/crtn.o:(.debug_line)
               0                0     1010     1 .debug_aranges
               0                0       40     1         /usr/lib/crti.o:(.debug_aranges)
              40               40       30     1         /usr/lib/libgcc_eh.a(UnwindRegistersSave.o):(.debug_aranges)
              70               70       30     1         /usr/lib/libgcc_eh.a(UnwindRegistersRestore.o):(.debug_aranges)
              a0               a0       30     1         /usr/lib/libc.a(syscall.o):(.debug_aranges)
              d0               d0       30     1         /usr/lib/libc.a(cerror.o):(.debug_aranges)
             100              100       30     1         /usr/lib/libc.a(ioctl.o):(.debug_aranges)
             130              130       30     1         /usr/lib/libc.a(munmap.o):(.debug_aranges)
             160              160       30     1         /usr/lib/libc.a(mprotect.o):(.debug_aranges)
             190              190       30     1         /usr/lib/libc.a(getdtablesize.o):(.debug_aranges)
             1c0              1c0       30     1         /usr/lib/libc.a(sysarch.o):(.debug_aranges)
             1f0              1f0       30     1         /usr/lib/libc.a(getrlimit.o):(.debug_aranges)
             220              220       30     1         /usr/lib/libc.a(__sysctl.o):(.debug_aranges)
             250              250       30     1         /usr/lib/libc.a(issetugid.o):(.debug_aranges)
             280              280       30     1         /usr/lib/libc.a(getsid.o):(.debug_aranges)
             2b0              2b0       30     1         /usr/lib/libc.a(sched_yield.o):(.debug_aranges)
             2e0              2e0       30     1         /usr/lib/libc.a(mmap.o):(.debug_aranges)
             310              310       30     1         /usr/lib/libc.a(lseek.o):(.debug_aranges)
             340              340       30     1         /usr/lib/libc.a(_clock_gettime.o):(.debug_aranges)
             370              370       30     1         /usr/lib/libc.a(_fstat.o):(.debug_aranges)
             3a0              3a0       30     1         /usr/lib/libc.a(_accept.o):(.debug_aranges)
             3d0              3d0       30     1         /usr/lib/libc.a(_accept4.o):(.debug_aranges)
             400              400       30     1         /usr/lib/libc.a(_aio_suspend.o):(.debug_aranges)
             430              430       30     1         /usr/lib/libc.a(_clock_nanosleep.o):(.debug_aranges)
             460              460       30     1         /usr/lib/libc.a(_close.o):(.debug_aranges)
             490              490       30     1         /usr/lib/libc.a(_connect.o):(.debug_aranges)
             4c0              4c0       30     1         /usr/lib/libc.a(_fcntl.o):(.debug_aranges)
             4f0              4f0       30     1         /usr/lib/libc.a(_fdatasync.o):(.debug_aranges)
             520              520       30     1         /usr/lib/libc.a(_fsync.o):(.debug_aranges)
             550              550       30     1         /usr/lib/libc.a(_fork.o):(.debug_aranges)
             580              580       30     1         /usr/lib/libc.a(_kevent.o):(.debug_aranges)
             5b0              5b0       30     1         /usr/lib/libc.a(_msync.o):(.debug_aranges)
             5e0              5e0       30     1         /usr/lib/libc.a(_nanosleep.o):(.debug_aranges)
             610              610       30     1         /usr/lib/libc.a(_open.o):(.debug_aranges)
             640              640       30     1         /usr/lib/libc.a(_openat.o):(.debug_aranges)
             670              670       30     1         /usr/lib/libc.a(_pdfork.o):(.debug_aranges)
             6a0              6a0       30     1         /usr/lib/libc.a(_poll.o):(.debug_aranges)
             6d0              6d0       30     1         /usr/lib/libc.a(_ppoll.o):(.debug_aranges)
             700              700       30     1         /usr/lib/libc.a(_pselect.o):(.debug_aranges)
             730              730       30     1         /usr/lib/libc.a(_read.o):(.debug_aranges)
             760              760       30     1         /usr/lib/libc.a(_readv.o):(.debug_aranges)
             790              790       30     1         /usr/lib/libc.a(_recvfrom.o):(.debug_aranges)
             7c0              7c0       30     1         /usr/lib/libc.a(_recvmsg.o):(.debug_aranges)
             7f0              7f0       30     1         /usr/lib/libc.a(_select.o):(.debug_aranges)
             820              820       30     1         /usr/lib/libc.a(_sendmsg.o):(.debug_aranges)
             850              850       30     1         /usr/lib/libc.a(_sendto.o):(.debug_aranges)
             880              880       30     1         /usr/lib/libc.a(_setcontext.o):(.debug_aranges)
             8b0              8b0       30     1         /usr/lib/libc.a(_sigaction.o):(.debug_aranges)
             8e0              8e0       30     1         /usr/lib/libc.a(_sigprocmask.o):(.debug_aranges)
             910              910       30     1         /usr/lib/libc.a(_sigsuspend.o):(.debug_aranges)
             940              940       30     1         /usr/lib/libc.a(_sigtimedwait.o):(.debug_aranges)
             970              970       30     1         /usr/lib/libc.a(_sigwait.o):(.debug_aranges)
             9a0              9a0       30     1         /usr/lib/libc.a(_sigwaitinfo.o):(.debug_aranges)
             9d0              9d0       30     1         /usr/lib/libc.a(_swapcontext.o):(.debug_aranges)
             a00              a00       30     1         /usr/lib/libc.a(_wait4.o):(.debug_aranges)
             a30              a30       30     1         /usr/lib/libc.a(_wait6.o):(.debug_aranges)
             a60              a60       30     1         /usr/lib/libc.a(_write.o):(.debug_aranges)
             a90              a90       30     1         /usr/lib/libc.a(_writev.o):(.debug_aranges)
             ac0              ac0       30     1         /usr/lib/libc.a(_gettimeofday.o):(.debug_aranges)
             af0              af0       30     1         /usr/lib/libc.a(getpid.o):(.debug_aranges)
             b20              b20       30     1         /usr/lib/libc.a(socket.o):(.debug_aranges)
             b50              b50       30     1         /usr/lib/libc.a(getsockopt.o):(.debug_aranges)
             b80              b80       30     1         /usr/lib/libc.a(setsockopt.o):(.debug_aranges)
             bb0              bb0       30     1         /usr/lib/libc.a(kill.o):(.debug_aranges)
             be0              be0       30     1         /usr/lib/libc.a(_exit.o):(.debug_aranges)
             c10              c10       30     1         /usr/lib/libc.a(cap_getmode.o):(.debug_aranges)
             c40              c40       30     1         /usr/lib/libc.a(memcmp.o):(.debug_aranges)
             c70              c70       30     1         /usr/lib/libc.a(memcpy.o):(.debug_aranges)
             ca0              ca0       30     1         /usr/lib/libc.a(memmove.o):(.debug_aranges)
             cd0              cd0       30     1         /usr/lib/libc.a(memset.o):(.debug_aranges)
             d00              d00       30     1         /usr/lib/libc.a(strcat.o):(.debug_aranges)
             d30              d30       30     1         /usr/lib/libc.a(strcmp.o):(.debug_aranges)
             d60              d60       30     1         /usr/lib/libc.a(strlen.o):(.debug_aranges)
             d90              d90       30     1         /usr/lib/libc.a(thr_self.o):(.debug_aranges)
             dc0              dc0       30     1         /usr/lib/libc.a(thr_kill.o):(.debug_aranges)
             df0              df0       30     1         /usr/lib/libc.a(vfork.o):(.debug_aranges)
             e20              e20       30     1         /usr/lib/libc.a(execve.o):(.debug_aranges)
             e50              e50       30     1         /usr/lib/libc.a(_fstatat.o):(.debug_aranges)
             e80              e80       30     1         /usr/lib/libc.a(utrace.o):(.debug_aranges)
             eb0              eb0       30     1         /usr/lib/libc.a(readlink.o):(.debug_aranges)
             ee0              ee0       30     1         /usr/lib/libc.a(pathconf.o):(.debug_aranges)
             f10              f10       30     1         /usr/lib/libc.a(__sysctlbyname.o):(.debug_aranges)
             f40              f40       30     1         /usr/lib/libc.a(madvise.o):(.debug_aranges)
             f70              f70       30     1         /usr/lib/libc.a(stpcpy.o):(.debug_aranges)
             fa0              fa0       30     1         /usr/lib/libc.a(bcmp.o):(.debug_aranges)
             fd0              fd0       40     1         /usr/lib/crtn.o:(.debug_aranges)
               0                0       43     1 .gnu.warning.f_prealloc
               0                0       43     1         /usr/lib/libc.a(findfp.o):(.gnu.warning.f_prealloc)
               0                0    13590     8 .symtab
               0                0    13590     8         <internal>:(.symtab)
               0                0      159     1 .shstrtab
               0                0      159     1         <internal>:(.shstrtab)
               0                0    1082c     1 .strtab
               0                0    1082c     1         <internal>:(.strtab)
